
# CHANGELOG


## v0.9.17
 * Updating Agent Script ; gpsd

## v0.9.16
 * Updating Agent Script ; mdadm
 * Updating Agent Script ; mdadm

## v0.9.15
 * Updating Agent Scripts ; distro; opensips-stats.sh
 * update workflow

## v0.9.14
 * update metadata
 * Updating Agent Script ; freeradius.sh
 * Updating Agent Script ; distro
 * Updating Agent Script ; osupdate
 * run Unbound Agent via sudo

## v0.9.13
 * Updating Agent Script ; distro

## v0.9.12
 * Updating Agent Script ; application.pp

## v0.9.11
 * Updating Agent Script ; application.pp

## v0.9.10
 * Updating Agent Scripts ; README.md; icecast-stats.sh; opensips-stats.sh; voipmon-stats.sh; application.pp; icecast.pp; open...

## v0.9.9
 * update metadata

## v0.9.8
 * Updating Agent Script ; raspberry.sh

## v0.9.7

## v0.9.6.2
 * Updating Agent Script ; distro

## v0.9.6.1
 * Updating Agent Scripts ; apache-stats.py; apache2.pp; params.pp

## v0.9.6
 * update metadata
 * adding workflow scripts
 * puppet forge compatibility
 * Updating Agent Script; mdadm
 * Updating ; pi-hole; ups-nut.sh
 * added Distribution to Readme
 * added Distribution to Readme. Closes #34
 * Updating ; mdadm
 * update readme
 * update readme

## v0.95
 * lint fix
 * lint fix
 * adding NFS-Client. Closes #5
 * adding NFS-Server (FreeBSD/Linux). Closes #13 and closes #6 also
 * .
 * adding Pi-Hole. Closes #18
 * adding ZFS. Closes #32
 * adding Unbound. Closes #29
 * adding Nginx. Closes #12
 * update readme
 * update readme
 * add missing parameter
 * adding Portactivity. Closes #19
 * adding Postgres. Closes #21
 * adding Proxmox. Closes #25
 * adding Raspberry Pi. Closes #26
 * adding PowerDNS DNSdist. Closes #24
 * adding PowerDNS Recursor. Closes #23
 * adding PowerDNS. Closes #22
 * update README.md

## v0.91
 * adding Open Grid Scheduler. Closes #16
 * adding PHP FPM. Closes #17
 * adding Postfix. Closes #20
 * adding NTP Client. Closes #14
 * adding UPS Nut. Closes #30
 * adding UPS APCUPS. Closes #31
 * adding SDFS Info. Closes #27
 * remove not more needed dhcp-stats.sh
 * travis fix
 * update readme
 * adding NVidia GPU. Closes #15
 * adding Mailscanner. Closes #10
 * adding Mailcow-dockerized Postfix. Closes #9
 * adding GPSD. Closes #8
 * adding Freeswitch. Closes #7
 * adding Fail2ban. Closes #4
 * adding Exim Stats. Closes #3
 * adding Chip. Closes #2
 * adding Backupninja. Closes #1

## v0.9
 * travis
 * install needed packages via ensure_packages
 * gitignore
 * build result url update
 * build tests

